// Jest Snapshot v1, https://goo.gl/fbAQLP

exports[`Pruebas en GifItem Debe hacer match con el snapshot 1`] = `
<div>
  <div
    class="card"
  >
    <img
      alt="One Punch Man"
      src="https://www.onepunchman.com/"
    />
    <p>
      One Punch Man
    </p>
  </div>
</div>
`;
